Archive member included to satisfy reference by file (symbol)

c:/program files/microchip/xc32/v4.10/bin/bin/../../lib/gcc/pic32c/8.3.1/../../../../pic32c/lib/thumb/v6-m/nofp\libpic32c.a(data_init.o)
                              build/default/debug/_ext/1171490990/startup_xc32.o (__pic32c_data_initialization)
c:/program files/microchip/xc32/v4.10/bin/bin/../../lib/gcc/pic32c/8.3.1/../../../../pic32c/lib/thumb/v6-m/nofp\libm-emfloat.a(floatasmops_arm.o)
                              build/default/debug/_ext/508257091/plib_sercom2_i2c_master.o (__aeabi_fadd)
c:/program files/microchip/xc32/v4.10/bin/bin/../../lib/gcc/pic32c/8.3.1/../../../../pic32c/lib/thumb/v6-m/nofp\libg-musl.a(__libc_start_main.o)
                              build/default/debug/_ext/1171490990/startup_xc32.o (__libc_init_array)
c:/program files/microchip/xc32/v4.10/bin/bin/../../lib/gcc/pic32c/8.3.1/../../../../pic32c/lib/thumb/v6-m/nofp\libg-musl.a(libc.o)
                              c:/program files/microchip/xc32/v4.10/bin/bin/../../lib/gcc/pic32c/8.3.1/../../../../pic32c/lib/thumb/v6-m/nofp\libg-musl.a(__libc_start_main.o) (__progname_full)
c:/program files/microchip/xc32/v4.10/bin/bin/../../lib/gcc/pic32c/8.3.1/../../../../pic32c/lib/thumb/v6-m/nofp\libg-musl.a(memcpy.o)
                              build/default/debug/_ext/1593096446/plib_nvmctrl.o (memcpy)
c:/program files/microchip/xc32/v4.10/bin/bin/../../lib/gcc/pic32c/8.3.1/../../../../pic32c/lib/thumb/v6-m/nofp\libg-musl.a(__environ.o)
                              c:/program files/microchip/xc32/v4.10/bin/bin/../../lib/gcc/pic32c/8.3.1/../../../../pic32c/lib/thumb/v6-m/nofp\libg-musl.a(__libc_start_main.o) (__environ)
c:/program files/microchip/xc32/v4.10/bin/bin/../../lib/gcc/pic32c/8.3.1/thumb/v6-m/nofp\libgcc.a(_udivsi3.o)
                              build/default/debug/_ext/508257091/plib_sercom2_i2c_master.o (__aeabi_uidiv)
c:/program files/microchip/xc32/v4.10/bin/bin/../../lib/gcc/pic32c/8.3.1/thumb/v6-m/nofp\libgcc.a(_dvmd_tls.o)
                              c:/program files/microchip/xc32/v4.10/bin/bin/../../lib/gcc/pic32c/8.3.1/thumb/v6-m/nofp\libgcc.a(_udivsi3.o) (__aeabi_idiv0)

Microchip PIC32 Memory-Usage Report

ROM Program-Memory Usage
section                    address  length [bytes]      (dec)  Description
-------                 ----------  -------------------------  -----------
.vectors                         0           0xbc         188   
.text                         0xbc           0x20          32  App's exec code 
.text.SERCOM2_I2C_Inter       0xdc          0x1bc         444   
.text.CLOCK_Initialize       0x298           0x98         152   
.text.__pic32c_data_ini      0x330           0x90         144   
.text.EIC_Initialize         0x3c0           0x84         132   
.text.EIC_InterruptHand      0x444           0x60          96   
.text.SERCOM2_I2C_Initi      0x4a4           0x60          96   
.text.__libc_start_init      0x504           0x5c          92   
.text.SERCOM2_I2C_Initi      0x560           0x54          84   
.dinit                       0x5b4           0x50          80   
.text                        0x604           0x48          72  App's exec code 
.text.Reset_Handler          0x64c           0x48          72   
.text.NVIC_Initialize        0x694           0x38          56   
.text.PORT_Initialize        0x6cc           0x38          56   
.text.SERCOM2_I2C_Read       0x704           0x38          56   
.text.SERCOM2_I2C_Write      0x73c           0x34          52   
.text.SYS_Initialize         0x770           0x2c          44   
.text.EIC_CallbackRegis      0x79c           0x28          40   
.text.ReadTemperature        0x7c4           0x28          40   
.text.main                   0x7ec           0x28          40   
.text.NVMCTRL_Initializ      0x814            0xc          12   
.text.MyEICHandler           0x820            0xc          12   
.text.NonMaskableInt_Ha      0x82c            0x4           4   
.text.HardFault_Handler      0x830            0x4           4   
.text.EVSYS_Initialize       0x834            0x2           2   
.text.Dummy_Handler          0x836            0x2           2   
.text.Dummy_App_Func         0x838            0x2           2   
.text.__dummy                0x83a            0x2           2   
      Total ROM used  :       0x83c        2108  0.8% of 0x40000
        --------------------------------------------------------------------------
         Total Program Memory used  :       0x83c        2108  0.8% of 0x40000
        --------------------------------------------------------------------------


RAM Data-Memory Usage
section                    address  length [bytes]      (dec)  Description
-------                 ----------  -------------------------  -----------
.bss.eicCallbackObject  0x20000000           0xc0         192   
.bss                    0x200000c0           0x50          80  Uninitialized data 
.bss.sercom2I2CObj      0x20000110           0x2c          44   
.bss                    0x2000013c           0x24          36  Uninitialized data 
         Total RAM used  :       0x160         352  1.1% of 0x8000
        --------------------------------------------------------------------------
            Total Data Memory used  :       0x160         352  1.1% of 0x8000
        --------------------------------------------------------------------------


Dynamic Data-Memory Reservation
section                    address  length [bytes]      (dec)  Description
-------                 ----------  -------------------------  -----------
heap                    0x20000168          0x200         512  Reserved for heap 
stack                   0x20000380         0x7c78       31864  Reserved for stack 

        --------------------------------------------------------------------------

Discarded input sections

 .text          0x00000000        0x0 c:/program files/microchip/xc32/v4.10/bin/bin/../../lib/gcc/pic32c/8.3.1/thumb/v6-m/nofp/crti.o
 .data          0x00000000        0x0 c:/program files/microchip/xc32/v4.10/bin/bin/../../lib/gcc/pic32c/8.3.1/thumb/v6-m/nofp/crti.o
 .bss           0x00000000        0x0 c:/program files/microchip/xc32/v4.10/bin/bin/../../lib/gcc/pic32c/8.3.1/thumb/v6-m/nofp/crti.o
 .xc_stack_usage.hdr
                0x00000000        0xe c:/program files/microchip/xc32/v4.10/bin/bin/../../lib/gcc/pic32c/8.3.1/thumb/v6-m/nofp/crti.o
 .xc_stack_usage
                0x00000000       0x26 c:/program files/microchip/xc32/v4.10/bin/bin/../../lib/gcc/pic32c/8.3.1/thumb/v6-m/nofp/crti.o
 .data          0x00000000        0x4 c:/program files/microchip/xc32/v4.10/bin/bin/../../lib/gcc/pic32c/8.3.1/thumb/v6-m/nofp/crtbegin.o
 .xc_stack_usage
                0x00000000       0x3c c:/program files/microchip/xc32/v4.10/bin/bin/../../lib/gcc/pic32c/8.3.1/thumb/v6-m/nofp/crtbegin.o
 .xc_stack_usage.hdr
                0x00000000        0xe c:/program files/microchip/xc32/v4.10/bin/bin/../../lib/gcc/pic32c/8.3.1/thumb/v6-m/nofp/crtbegin.o
 .text          0x00000000        0x0 build/default/debug/_ext/1984496892/plib_clock.o
 .data          0x00000000        0x0 build/default/debug/_ext/1984496892/plib_clock.o
 .bss           0x00000000        0x0 build/default/debug/_ext/1984496892/plib_clock.o
 .text          0x00000000        0x0 build/default/debug/_ext/60167341/plib_eic.o
 .data          0x00000000        0x0 build/default/debug/_ext/60167341/plib_eic.o
 .bss           0x00000000        0x0 build/default/debug/_ext/60167341/plib_eic.o
 .text.EIC_InterruptEnable
                0x00000000       0x10 build/default/debug/_ext/60167341/plib_eic.o
 .text.EIC_InterruptDisable
                0x00000000       0x10 build/default/debug/_ext/60167341/plib_eic.o
 .text          0x00000000        0x0 build/default/debug/_ext/1986646378/plib_evsys.o
 .data          0x00000000        0x0 build/default/debug/_ext/1986646378/plib_evsys.o
 .bss           0x00000000        0x0 build/default/debug/_ext/1986646378/plib_evsys.o
 .text          0x00000000        0x0 build/default/debug/_ext/1865468468/plib_nvic.o
 .data          0x00000000        0x0 build/default/debug/_ext/1865468468/plib_nvic.o
 .bss           0x00000000        0x0 build/default/debug/_ext/1865468468/plib_nvic.o
 .text.NVIC_INT_Enable
                0x00000000        0x8 build/default/debug/_ext/1865468468/plib_nvic.o
 .text.NVIC_INT_Disable
                0x00000000       0x12 build/default/debug/_ext/1865468468/plib_nvic.o
 .text.NVIC_INT_Restore
                0x00000000       0x14 build/default/debug/_ext/1865468468/plib_nvic.o
 .text          0x00000000        0x0 build/default/debug/_ext/1593096446/plib_nvmctrl.o
 .data          0x00000000        0x0 build/default/debug/_ext/1593096446/plib_nvmctrl.o
 .bss           0x00000000        0x0 build/default/debug/_ext/1593096446/plib_nvmctrl.o
 .text.NVMCTRL_CacheInvalidate
                0x00000000       0x10 build/default/debug/_ext/1593096446/plib_nvmctrl.o
 .text.NVMCTRL_RWWEEPROM_Read
                0x00000000       0x10 build/default/debug/_ext/1593096446/plib_nvmctrl.o
 .text.NVMCTRL_RWWEEPROM_PageWrite
                0x00000000       0x28 build/default/debug/_ext/1593096446/plib_nvmctrl.o
 .text.NVMCTRL_RWWEEPROM_RowErase
                0x00000000       0x18 build/default/debug/_ext/1593096446/plib_nvmctrl.o
 .text.NVMCTRL_Read
                0x00000000       0x10 build/default/debug/_ext/1593096446/plib_nvmctrl.o
 .text.NVMCTRL_PageBufferWrite
                0x00000000       0x14 build/default/debug/_ext/1593096446/plib_nvmctrl.o
 .text.NVMCTRL_PageBufferCommit
                0x00000000       0x30 build/default/debug/_ext/1593096446/plib_nvmctrl.o
 .text.NVMCTRL_PageWrite
                0x00000000       0x28 build/default/debug/_ext/1593096446/plib_nvmctrl.o
 .text.NVMCTRL_RowErase
                0x00000000       0x18 build/default/debug/_ext/1593096446/plib_nvmctrl.o
 .text.NVMCTRL_USER_ROW_PageWrite
                0x00000000       0x38 build/default/debug/_ext/1593096446/plib_nvmctrl.o
 .text.NVMCTRL_USER_ROW_RowErase
                0x00000000       0x2c build/default/debug/_ext/1593096446/plib_nvmctrl.o
 .text.NVMCTRL_ErrorGet
                0x00000000       0x18 build/default/debug/_ext/1593096446/plib_nvmctrl.o
 .text.NVMCTRL_IsBusy
                0x00000000       0x14 build/default/debug/_ext/1593096446/plib_nvmctrl.o
 .text.NVMCTRL_RegionLock
                0x00000000       0x14 build/default/debug/_ext/1593096446/plib_nvmctrl.o
 .text.NVMCTRL_RegionUnlock
                0x00000000       0x14 build/default/debug/_ext/1593096446/plib_nvmctrl.o
 .text.NVMCTRL_SecurityBitSet
                0x00000000       0x10 build/default/debug/_ext/1593096446/plib_nvmctrl.o
 .text          0x00000000        0x0 build/default/debug/_ext/1865521619/plib_port.o
 .data          0x00000000        0x0 build/default/debug/_ext/1865521619/plib_port.o
 .bss           0x00000000        0x0 build/default/debug/_ext/1865521619/plib_port.o
 .text.PORT_GroupRead
                0x00000000        0x4 build/default/debug/_ext/1865521619/plib_port.o
 .text.PORT_GroupWrite
                0x00000000        0xc build/default/debug/_ext/1865521619/plib_port.o
 .text.PORT_GroupLatchRead
                0x00000000        0x4 build/default/debug/_ext/1865521619/plib_port.o
 .text.PORT_GroupSet
                0x00000000        0x4 build/default/debug/_ext/1865521619/plib_port.o
 .text.PORT_GroupClear
                0x00000000        0x4 build/default/debug/_ext/1865521619/plib_port.o
 .text.PORT_GroupToggle
                0x00000000        0x4 build/default/debug/_ext/1865521619/plib_port.o
 .text.PORT_GroupInputEnable
                0x00000000        0x4 build/default/debug/_ext/1865521619/plib_port.o
 .text.PORT_GroupOutputEnable
                0x00000000        0x4 build/default/debug/_ext/1865521619/plib_port.o
 .text.PORT_PinPeripheralFunctionConfig
                0x00000000       0x46 build/default/debug/_ext/1865521619/plib_port.o
 .text.PORT_PinGPIOConfig
                0x00000000       0x1e build/default/debug/_ext/1865521619/plib_port.o
 .text          0x00000000        0x0 build/default/debug/_ext/163028504/xc32_monitor.o
 .data          0x00000000        0x0 build/default/debug/_ext/163028504/xc32_monitor.o
 .bss           0x00000000        0x0 build/default/debug/_ext/163028504/xc32_monitor.o
 .text.read     0x00000000        0x6 build/default/debug/_ext/163028504/xc32_monitor.o
 .text.write    0x00000000        0x6 build/default/debug/_ext/163028504/xc32_monitor.o
 .debug_info    0x00000000      0x32e build/default/debug/_ext/163028504/xc32_monitor.o
 .debug_abbrev  0x00000000       0x96 build/default/debug/_ext/163028504/xc32_monitor.o
 .debug_loc     0x00000000       0x4a build/default/debug/_ext/163028504/xc32_monitor.o
 .debug_aranges
                0x00000000       0x28 build/default/debug/_ext/163028504/xc32_monitor.o
 .debug_ranges  0x00000000       0x18 build/default/debug/_ext/163028504/xc32_monitor.o
 .debug_line    0x00000000       0xce build/default/debug/_ext/163028504/xc32_monitor.o
 .debug_str     0x00000000        0x0 build/default/debug/_ext/163028504/xc32_monitor.o
 .comment       0x00000000       0x2c build/default/debug/_ext/163028504/xc32_monitor.o
 .debug_frame   0x00000000       0x30 build/default/debug/_ext/163028504/xc32_monitor.o
 .ARM.attributes
                0x00000000       0x2c build/default/debug/_ext/163028504/xc32_monitor.o
 .text          0x00000000        0x0 build/default/debug/_ext/1171490990/interrupts.o
 .data          0x00000000        0x0 build/default/debug/_ext/1171490990/interrupts.o
 .bss           0x00000000        0x0 build/default/debug/_ext/1171490990/interrupts.o
 .text          0x00000000        0x0 build/default/debug/_ext/1171490990/startup_xc32.o
 .data          0x00000000        0x0 build/default/debug/_ext/1171490990/startup_xc32.o
 .bss           0x00000000        0x0 build/default/debug/_ext/1171490990/startup_xc32.o
 .text          0x00000000        0x0 build/default/debug/_ext/1171490990/exceptions.o
 .data          0x00000000        0x0 build/default/debug/_ext/1171490990/exceptions.o
 .bss           0x00000000        0x0 build/default/debug/_ext/1171490990/exceptions.o
 .text          0x00000000        0x0 build/default/debug/_ext/1171490990/initialization.o
 .data          0x00000000        0x0 build/default/debug/_ext/1171490990/initialization.o
 .bss           0x00000000        0x0 build/default/debug/_ext/1171490990/initialization.o
 .text          0x00000000        0x0 build/default/debug/_ext/1171490990/libc_syscalls.o
 .data          0x00000000        0x0 build/default/debug/_ext/1171490990/libc_syscalls.o
 .bss           0x00000000        0x0 build/default/debug/_ext/1171490990/libc_syscalls.o
 .text._exit    0x00000000        0x4 build/default/debug/_ext/1171490990/libc_syscalls.o
 .debug_info    0x00000000      0x30f build/default/debug/_ext/1171490990/libc_syscalls.o
 .debug_abbrev  0x00000000       0x4f build/default/debug/_ext/1171490990/libc_syscalls.o
 .debug_aranges
                0x00000000       0x20 build/default/debug/_ext/1171490990/libc_syscalls.o
 .debug_ranges  0x00000000       0x10 build/default/debug/_ext/1171490990/libc_syscalls.o
 .debug_line    0x00000000       0x5c build/default/debug/_ext/1171490990/libc_syscalls.o
 .debug_str     0x00000000        0x0 build/default/debug/_ext/1171490990/libc_syscalls.o
 .comment       0x00000000       0x2c build/default/debug/_ext/1171490990/libc_syscalls.o
 .debug_frame   0x00000000       0x20 build/default/debug/_ext/1171490990/libc_syscalls.o
 .ARM.attributes
                0x00000000       0x2c build/default/debug/_ext/1171490990/libc_syscalls.o
 .text          0x00000000        0x0 build/default/debug/_ext/1360937237/main.o
 .data          0x00000000        0x0 build/default/debug/_ext/1360937237/main.o
 .bss           0x00000000        0x0 build/default/debug/_ext/1360937237/main.o
 .data.callback
                0x00000000        0x4 build/default/debug/_ext/1360937237/main.o
 .text          0x00000000        0x0 build/default/debug/_ext/508257091/plib_sercom2_i2c_master.o
 .data          0x00000000        0x0 build/default/debug/_ext/508257091/plib_sercom2_i2c_master.o
 .bss           0x00000000        0x0 build/default/debug/_ext/508257091/plib_sercom2_i2c_master.o
 .text.SERCOM2_I2C_TransferSetup
                0x00000000      0x10c build/default/debug/_ext/508257091/plib_sercom2_i2c_master.o
 .text.SERCOM2_I2C_CallbackRegister
                0x00000000        0xc build/default/debug/_ext/508257091/plib_sercom2_i2c_master.o
 .text.SERCOM2_I2C_WriteRead
                0x00000000       0x38 build/default/debug/_ext/508257091/plib_sercom2_i2c_master.o
 .text.SERCOM2_I2C_IsBusy
                0x00000000       0x28 build/default/debug/_ext/508257091/plib_sercom2_i2c_master.o
 .text.SERCOM2_I2C_ErrorGet
                0x00000000       0x10 build/default/debug/_ext/508257091/plib_sercom2_i2c_master.o
 .text.SERCOM2_I2C_TransferAbort
                0x00000000       0x44 build/default/debug/_ext/508257091/plib_sercom2_i2c_master.o
 .text          0x00000000        0x0 c:/program files/microchip/xc32/v4.10/bin/bin/../../lib/gcc/pic32c/8.3.1/../../../../pic32c/lib/thumb/v6-m/nofp\libpic32c.a(data_init.o)
 .data          0x00000000        0x0 c:/program files/microchip/xc32/v4.10/bin/bin/../../lib/gcc/pic32c/8.3.1/../../../../pic32c/lib/thumb/v6-m/nofp\libpic32c.a(data_init.o)
 .xc_stack_usage
                0x00000000       0x2a c:/program files/microchip/xc32/v4.10/bin/bin/../../lib/gcc/pic32c/8.3.1/../../../../pic32c/lib/thumb/v6-m/nofp\libpic32c.a(data_init.o)
 .xc_stack_usage.hdr
                0x00000000        0xe c:/program files/microchip/xc32/v4.10/bin/bin/../../lib/gcc/pic32c/8.3.1/../../../../pic32c/lib/thumb/v6-m/nofp\libpic32c.a(data_init.o)
 .text          0x00000000        0x0 c:/program files/microchip/xc32/v4.10/bin/bin/../../lib/gcc/pic32c/8.3.1/../../../../pic32c/lib/thumb/v6-m/nofp\libm-emfloat.a(floatasmops_arm.o)
 .data          0x00000000        0x0 c:/program files/microchip/xc32/v4.10/bin/bin/../../lib/gcc/pic32c/8.3.1/../../../../pic32c/lib/thumb/v6-m/nofp\libm-emfloat.a(floatasmops_arm.o)
 .bss           0x00000000        0x0 c:/program files/microchip/xc32/v4.10/bin/bin/../../lib/gcc/pic32c/8.3.1/../../../../pic32c/lib/thumb/v6-m/nofp\libm-emfloat.a(floatasmops_arm.o)
 .rodata.__aeabi_ddiv_reciprocal_table
                0x00000000      0x180 c:/program files/microchip/xc32/v4.10/bin/bin/../../lib/gcc/pic32c/8.3.1/../../../../pic32c/lib/thumb/v6-m/nofp\libm-emfloat.a(floatasmops_arm.o)
 .text.__aeabi_fadd
                0x00000000      0x13c c:/program files/microchip/xc32/v4.10/bin/bin/../../lib/gcc/pic32c/8.3.1/../../../../pic32c/lib/thumb/v6-m/nofp\libm-emfloat.a(floatasmops_arm.o)
 .text.__aeabi_dadd
                0x00000000      0x1c8 c:/program files/microchip/xc32/v4.10/bin/bin/../../lib/gcc/pic32c/8.3.1/../../../../pic32c/lib/thumb/v6-m/nofp\libm-emfloat.a(floatasmops_arm.o)
 .text.__aeabi_fsub
                0x00000000       0x10 c:/program files/microchip/xc32/v4.10/bin/bin/../../lib/gcc/pic32c/8.3.1/../../../../pic32c/lib/thumb/v6-m/nofp\libm-emfloat.a(floatasmops_arm.o)
 .text.__aeabi_dsub
                0x00000000       0x10 c:/program files/microchip/xc32/v4.10/bin/bin/../../lib/gcc/pic32c/8.3.1/../../../../pic32c/lib/thumb/v6-m/nofp\libm-emfloat.a(floatasmops_arm.o)
 .text.__aeabi_frsub
                0x00000000       0x10 c:/program files/microchip/xc32/v4.10/bin/bin/../../lib/gcc/pic32c/8.3.1/../../../../pic32c/lib/thumb/v6-m/nofp\libm-emfloat.a(floatasmops_arm.o)
 .text.__aeabi_drsub
                0x00000000       0x10 c:/program files/microchip/xc32/v4.10/bin/bin/../../lib/gcc/pic32c/8.3.1/../../../../pic32c/lib/thumb/v6-m/nofp\libm-emfloat.a(floatasmops_arm.o)
 .text.__aeabi_fmul
                0x00000000       0xb8 c:/program files/microchip/xc32/v4.10/bin/bin/../../lib/gcc/pic32c/8.3.1/../../../../pic32c/lib/thumb/v6-m/nofp\libm-emfloat.a(floatasmops_arm.o)
 .text.__aeabi_dmul_aux
                0x00000000      0x18a c:/program files/microchip/xc32/v4.10/bin/bin/../../lib/gcc/pic32c/8.3.1/../../../../pic32c/lib/thumb/v6-m/nofp\libm-emfloat.a(floatasmops_arm.o)
 .text.__aeabi_fdiv
                0x00000000       0x94 c:/program files/microchip/xc32/v4.10/bin/bin/../../lib/gcc/pic32c/8.3.1/../../../../pic32c/lib/thumb/v6-m/nofp\libm-emfloat.a(floatasmops_arm.o)
 .text.__aeabi_ddiv
                0x00000000       0xc4 c:/program files/microchip/xc32/v4.10/bin/bin/../../lib/gcc/pic32c/8.3.1/../../../../pic32c/lib/thumb/v6-m/nofp\libm-emfloat.a(floatasmops_arm.o)
 .text.__aeabi_fcmple
                0x00000000       0x34 c:/program files/microchip/xc32/v4.10/bin/bin/../../lib/gcc/pic32c/8.3.1/../../../../pic32c/lib/thumb/v6-m/nofp\libm-emfloat.a(floatasmops_arm.o)
 .text.__aeabi_dcmple
                0x00000000       0x44 c:/program files/microchip/xc32/v4.10/bin/bin/../../lib/gcc/pic32c/8.3.1/../../../../pic32c/lib/thumb/v6-m/nofp\libm-emfloat.a(floatasmops_arm.o)
 .text.__aeabi_fcmpeq
                0x00000000       0x20 c:/program files/microchip/xc32/v4.10/bin/bin/../../lib/gcc/pic32c/8.3.1/../../../../pic32c/lib/thumb/v6-m/nofp\libm-emfloat.a(floatasmops_arm.o)
 .text.__aeabi_dcmpeq
                0x00000000       0x30 c:/program files/microchip/xc32/v4.10/bin/bin/../../lib/gcc/pic32c/8.3.1/../../../../pic32c/lib/thumb/v6-m/nofp\libm-emfloat.a(floatasmops_arm.o)
 .text.__aeabi_fcmpge
                0x00000000       0x34 c:/program files/microchip/xc32/v4.10/bin/bin/../../lib/gcc/pic32c/8.3.1/../../../../pic32c/lib/thumb/v6-m/nofp\libm-emfloat.a(floatasmops_arm.o)
 .text.__aeabi_dcmpge
                0x00000000       0x44 c:/program files/microchip/xc32/v4.10/bin/bin/../../lib/gcc/pic32c/8.3.1/../../../../pic32c/lib/thumb/v6-m/nofp\libm-emfloat.a(floatasmops_arm.o)
 .text.__aeabi_fcmpgt
                0x00000000       0x30 c:/program files/microchip/xc32/v4.10/bin/bin/../../lib/gcc/pic32c/8.3.1/../../../../pic32c/lib/thumb/v6-m/nofp\libm-emfloat.a(floatasmops_arm.o)
 .text.__aeabi_dcmpgt
                0x00000000       0x40 c:/program files/microchip/xc32/v4.10/bin/bin/../../lib/gcc/pic32c/8.3.1/../../../../pic32c/lib/thumb/v6-m/nofp\libm-emfloat.a(floatasmops_arm.o)
 .text.__aeabi_fcmplt
                0x00000000       0x30 c:/program files/microchip/xc32/v4.10/bin/bin/../../lib/gcc/pic32c/8.3.1/../../../../pic32c/lib/thumb/v6-m/nofp\libm-emfloat.a(floatasmops_arm.o)
 .text.__aeabi_dcmplt
                0x00000000       0x40 c:/program files/microchip/xc32/v4.10/bin/bin/../../lib/gcc/pic32c/8.3.1/../../../../pic32c/lib/thumb/v6-m/nofp\libm-emfloat.a(floatasmops_arm.o)
 .text.__aeabi_fcmpun
                0x00000000       0x20 c:/program files/microchip/xc32/v4.10/bin/bin/../../lib/gcc/pic32c/8.3.1/../../../../pic32c/lib/thumb/v6-m/nofp\libm-emfloat.a(floatasmops_arm.o)
 .text.__aeabi_dcmpun
                0x00000000       0x20 c:/program files/microchip/xc32/v4.10/bin/bin/../../lib/gcc/pic32c/8.3.1/../../../../pic32c/lib/thumb/v6-m/nofp\libm-emfloat.a(floatasmops_arm.o)
 .text.__aeabi_cfcmpeq
                0x00000000        0x0 c:/program files/microchip/xc32/v4.10/bin/bin/../../lib/gcc/pic32c/8.3.1/../../../../pic32c/lib/thumb/v6-m/nofp\libm-emfloat.a(floatasmops_arm.o)
 .text.__aeabi_cdcmpeq
                0x00000000       0x10 c:/program files/microchip/xc32/v4.10/bin/bin/../../lib/gcc/pic32c/8.3.1/../../../../pic32c/lib/thumb/v6-m/nofp\libm-emfloat.a(floatasmops_arm.o)
 .text.__aeabi_cfcmple
                0x00000000       0x10 c:/program files/microchip/xc32/v4.10/bin/bin/../../lib/gcc/pic32c/8.3.1/../../../../pic32c/lib/thumb/v6-m/nofp\libm-emfloat.a(floatasmops_arm.o)
 .text.__aeabi_cdcmple
                0x00000000       0x10 c:/program files/microchip/xc32/v4.10/bin/bin/../../lib/gcc/pic32c/8.3.1/../../../../pic32c/lib/thumb/v6-m/nofp\libm-emfloat.a(floatasmops_arm.o)
 .text.__aeabi_cfrcmple
                0x00000000       0x18 c:/program files/microchip/xc32/v4.10/bin/bin/../../lib/gcc/pic32c/8.3.1/../../../../pic32c/lib/thumb/v6-m/nofp\libm-emfloat.a(floatasmops_arm.o)
 .text.__aeabi_cdrcmple
                0x00000000       0x1c c:/program files/microchip/xc32/v4.10/bin/bin/../../lib/gcc/pic32c/8.3.1/../../../../pic32c/lib/thumb/v6-m/nofp\libm-emfloat.a(floatasmops_arm.o)
 .text.__aeabi_cfcmp_impl
                0x00000000       0x36 c:/program files/microchip/xc32/v4.10/bin/bin/../../lib/gcc/pic32c/8.3.1/../../../../pic32c/lib/thumb/v6-m/nofp\libm-emfloat.a(floatasmops_arm.o)
 .text.__aeabi_cdcmp_impl
                0x00000000       0x6a c:/program files/microchip/xc32/v4.10/bin/bin/../../lib/gcc/pic32c/8.3.1/../../../../pic32c/lib/thumb/v6-m/nofp\libm-emfloat.a(floatasmops_arm.o)
 .text.__aeabi_f2iz
                0x00000000       0x40 c:/program files/microchip/xc32/v4.10/bin/bin/../../lib/gcc/pic32c/8.3.1/../../../../pic32c/lib/thumb/v6-m/nofp\libm-emfloat.a(floatasmops_arm.o)
 .text.__aeabi_d2iz
                0x00000000       0x34 c:/program files/microchip/xc32/v4.10/bin/bin/../../lib/gcc/pic32c/8.3.1/../../../../pic32c/lib/thumb/v6-m/nofp\libm-emfloat.a(floatasmops_arm.o)
 .text.__aeabi_f2lz
                0x00000000       0x88 c:/program files/microchip/xc32/v4.10/bin/bin/../../lib/gcc/pic32c/8.3.1/../../../../pic32c/lib/thumb/v6-m/nofp\libm-emfloat.a(floatasmops_arm.o)
 .text.__aeabi_d2lz
                0x00000000       0x74 c:/program files/microchip/xc32/v4.10/bin/bin/../../lib/gcc/pic32c/8.3.1/../../../../pic32c/lib/thumb/v6-m/nofp\libm-emfloat.a(floatasmops_arm.o)
 .text.__aeabi_f2uiz
                0x00000000       0x24 c:/program files/microchip/xc32/v4.10/bin/bin/../../lib/gcc/pic32c/8.3.1/../../../../pic32c/lib/thumb/v6-m/nofp\libm-emfloat.a(floatasmops_arm.o)
 .text.__aeabi_d2uiz
                0x00000000       0x30 c:/program files/microchip/xc32/v4.10/bin/bin/../../lib/gcc/pic32c/8.3.1/../../../../pic32c/lib/thumb/v6-m/nofp\libm-emfloat.a(floatasmops_arm.o)
 .text.__aeabi_f2ulz
                0x00000000       0x40 c:/program files/microchip/xc32/v4.10/bin/bin/../../lib/gcc/pic32c/8.3.1/../../../../pic32c/lib/thumb/v6-m/nofp\libm-emfloat.a(floatasmops_arm.o)
 .text.__aeabi_d2ulz
                0x00000000       0x48 c:/program files/microchip/xc32/v4.10/bin/bin/../../lib/gcc/pic32c/8.3.1/../../../../pic32c/lib/thumb/v6-m/nofp\libm-emfloat.a(floatasmops_arm.o)
 .text.__aeabi_i2f
                0x00000000       0x28 c:/program files/microchip/xc32/v4.10/bin/bin/../../lib/gcc/pic32c/8.3.1/../../../../pic32c/lib/thumb/v6-m/nofp\libm-emfloat.a(floatasmops_arm.o)
 .text.__aeabi_i2d
                0x00000000       0x1c c:/program files/microchip/xc32/v4.10/bin/bin/../../lib/gcc/pic32c/8.3.1/../../../../pic32c/lib/thumb/v6-m/nofp\libm-emfloat.a(floatasmops_arm.o)
 .text.__aeabi_l2f
                0x00000000       0x20 c:/program files/microchip/xc32/v4.10/bin/bin/../../lib/gcc/pic32c/8.3.1/../../../../pic32c/lib/thumb/v6-m/nofp\libm-emfloat.a(floatasmops_arm.o)
 .text.__aeabi_l2d
                0x00000000       0x5c c:/program files/microchip/xc32/v4.10/bin/bin/../../lib/gcc/pic32c/8.3.1/../../../../pic32c/lib/thumb/v6-m/nofp\libm-emfloat.a(floatasmops_arm.o)
 .text.__aeabi_ui2f
                0x00000000       0x20 c:/program files/microchip/xc32/v4.10/bin/bin/../../lib/gcc/pic32c/8.3.1/../../../../pic32c/lib/thumb/v6-m/nofp\libm-emfloat.a(floatasmops_arm.o)
 .text.__aeabi_ui2d
                0x00000000       0x1c c:/program files/microchip/xc32/v4.10/bin/bin/../../lib/gcc/pic32c/8.3.1/../../../../pic32c/lib/thumb/v6-m/nofp\libm-emfloat.a(floatasmops_arm.o)
 .text.__aeabi_ul2f
                0x00000000       0x30 c:/program files/microchip/xc32/v4.10/bin/bin/../../lib/gcc/pic32c/8.3.1/../../../../pic32c/lib/thumb/v6-m/nofp\libm-emfloat.a(floatasmops_arm.o)
 .text.__aeabi_ul2d
                0x00000000       0x18 c:/program files/microchip/xc32/v4.10/bin/bin/../../lib/gcc/pic32c/8.3.1/../../../../pic32c/lib/thumb/v6-m/nofp\libm-emfloat.a(floatasmops_arm.o)
 .text.__aeabi_f2d
                0x00000000       0x44 c:/program files/microchip/xc32/v4.10/bin/bin/../../lib/gcc/pic32c/8.3.1/../../../../pic32c/lib/thumb/v6-m/nofp\libm-emfloat.a(floatasmops_arm.o)
 .text.__aeabi_d2f
                0x00000000       0x64 c:/program files/microchip/xc32/v4.10/bin/bin/../../lib/gcc/pic32c/8.3.1/../../../../pic32c/lib/thumb/v6-m/nofp\libm-emfloat.a(floatasmops_arm.o)
 .xc_stack_usage.hdr
                0x00000000        0xe c:/program files/microchip/xc32/v4.10/bin/bin/../../lib/gcc/pic32c/8.3.1/../../../../pic32c/lib/thumb/v6-m/nofp\libm-emfloat.a(floatasmops_arm.o)
 .xc_stack_usage
                0x00000000      0x5ce c:/program files/microchip/xc32/v4.10/bin/bin/../../lib/gcc/pic32c/8.3.1/../../../../pic32c/lib/thumb/v6-m/nofp\libm-emfloat.a(floatasmops_arm.o)
 .ARM.attributes
                0x00000000       0x1c c:/program files/microchip/xc32/v4.10/bin/bin/../../lib/gcc/pic32c/8.3.1/../../../../pic32c/lib/thumb/v6-m/nofp\libm-emfloat.a(floatasmops_arm.o)
 .text          0x00000000        0x0 c:/program files/microchip/xc32/v4.10/bin/bin/../../lib/gcc/pic32c/8.3.1/../../../../pic32c/lib/thumb/v6-m/nofp\libg-musl.a(__libc_start_main.o)
 .data          0x00000000        0x0 c:/program files/microchip/xc32/v4.10/bin/bin/../../lib/gcc/pic32c/8.3.1/../../../../pic32c/lib/thumb/v6-m/nofp\libg-musl.a(__libc_start_main.o)
 .bss           0x00000000        0x0 c:/program files/microchip/xc32/v4.10/bin/bin/../../lib/gcc/pic32c/8.3.1/../../../../pic32c/lib/thumb/v6-m/nofp\libg-musl.a(__libc_start_main.o)
 .xc_stack_usage
                0x00000000       0x34 c:/program files/microchip/xc32/v4.10/bin/bin/../../lib/gcc/pic32c/8.3.1/../../../../pic32c/lib/thumb/v6-m/nofp\libg-musl.a(__libc_start_main.o)
 .xc_stack_usage.hdr
                0x00000000        0xe c:/program files/microchip/xc32/v4.10/bin/bin/../../lib/gcc/pic32c/8.3.1/../../../../pic32c/lib/thumb/v6-m/nofp\libg-musl.a(__libc_start_main.o)
 .text          0x00000000        0x0 c:/program files/microchip/xc32/v4.10/bin/bin/../../lib/gcc/pic32c/8.3.1/../../../../pic32c/lib/thumb/v6-m/nofp\libg-musl.a(libc.o)
 .data          0x00000000        0x0 c:/program files/microchip/xc32/v4.10/bin/bin/../../lib/gcc/pic32c/8.3.1/../../../../pic32c/lib/thumb/v6-m/nofp\libg-musl.a(libc.o)
 .xc_stack_usage.hdr
                0x00000000        0xe c:/program files/microchip/xc32/v4.10/bin/bin/../../lib/gcc/pic32c/8.3.1/../../../../pic32c/lib/thumb/v6-m/nofp\libg-musl.a(libc.o)
 .text          0x00000000        0x0 c:/program files/microchip/xc32/v4.10/bin/bin/../../lib/gcc/pic32c/8.3.1/../../../../pic32c/lib/thumb/v6-m/nofp\libg-musl.a(memcpy.o)
 .data          0x00000000        0x0 c:/program files/microchip/xc32/v4.10/bin/bin/../../lib/gcc/pic32c/8.3.1/../../../../pic32c/lib/thumb/v6-m/nofp\libg-musl.a(memcpy.o)
 .bss           0x00000000        0x0 c:/program files/microchip/xc32/v4.10/bin/bin/../../lib/gcc/pic32c/8.3.1/../../../../pic32c/lib/thumb/v6-m/nofp\libg-musl.a(memcpy.o)
 .xc_stack_usage
                0x00000000       0x14 c:/program files/microchip/xc32/v4.10/bin/bin/../../lib/gcc/pic32c/8.3.1/../../../../pic32c/lib/thumb/v6-m/nofp\libg-musl.a(memcpy.o)
 .text.memcpy   0x00000000       0x12 c:/program files/microchip/xc32/v4.10/bin/bin/../../lib/gcc/pic32c/8.3.1/../../../../pic32c/lib/thumb/v6-m/nofp\libg-musl.a(memcpy.o)
 .xc_stack_usage.hdr
                0x00000000        0xe c:/program files/microchip/xc32/v4.10/bin/bin/../../lib/gcc/pic32c/8.3.1/../../../../pic32c/lib/thumb/v6-m/nofp\libg-musl.a(memcpy.o)
 .debug_info    0x00000000      0x2eb c:/program files/microchip/xc32/v4.10/bin/bin/../../lib/gcc/pic32c/8.3.1/../../../../pic32c/lib/thumb/v6-m/nofp\libg-musl.a(memcpy.o)
 .debug_abbrev  0x00000000       0x9c c:/program files/microchip/xc32/v4.10/bin/bin/../../lib/gcc/pic32c/8.3.1/../../../../pic32c/lib/thumb/v6-m/nofp\libg-musl.a(memcpy.o)
 .debug_loc     0x00000000      0x109 c:/program files/microchip/xc32/v4.10/bin/bin/../../lib/gcc/pic32c/8.3.1/../../../../pic32c/lib/thumb/v6-m/nofp\libg-musl.a(memcpy.o)
 .debug_aranges
                0x00000000       0x20 c:/program files/microchip/xc32/v4.10/bin/bin/../../lib/gcc/pic32c/8.3.1/../../../../pic32c/lib/thumb/v6-m/nofp\libg-musl.a(memcpy.o)
 .debug_ranges  0x00000000       0x10 c:/program files/microchip/xc32/v4.10/bin/bin/../../lib/gcc/pic32c/8.3.1/../../../../pic32c/lib/thumb/v6-m/nofp\libg-musl.a(memcpy.o)
 .debug_line    0x00000000       0xf7 c:/program files/microchip/xc32/v4.10/bin/bin/../../lib/gcc/pic32c/8.3.1/../../../../pic32c/lib/thumb/v6-m/nofp\libg-musl.a(memcpy.o)
 .debug_str     0x00000000        0x0 c:/program files/microchip/xc32/v4.10/bin/bin/../../lib/gcc/pic32c/8.3.1/../../../../pic32c/lib/thumb/v6-m/nofp\libg-musl.a(memcpy.o)
 .comment       0x00000000       0x2c c:/program files/microchip/xc32/v4.10/bin/bin/../../lib/gcc/pic32c/8.3.1/../../../../pic32c/lib/thumb/v6-m/nofp\libg-musl.a(memcpy.o)
 .note.GNU-stack
                0x00000000        0x0 c:/program files/microchip/xc32/v4.10/bin/bin/../../lib/gcc/pic32c/8.3.1/../../../../pic32c/lib/thumb/v6-m/nofp\libg-musl.a(memcpy.o)
 .debug_frame   0x00000000       0x28 c:/program files/microchip/xc32/v4.10/bin/bin/../../lib/gcc/pic32c/8.3.1/../../../../pic32c/lib/thumb/v6-m/nofp\libg-musl.a(memcpy.o)
 .ARM.attributes
                0x00000000       0x2e c:/program files/microchip/xc32/v4.10/bin/bin/../../lib/gcc/pic32c/8.3.1/../../../../pic32c/lib/thumb/v6-m/nofp\libg-musl.a(memcpy.o)
 .text          0x00000000        0x0 c:/program files/microchip/xc32/v4.10/bin/bin/../../lib/gcc/pic32c/8.3.1/../../../../pic32c/lib/thumb/v6-m/nofp\libg-musl.a(__environ.o)
 .data          0x00000000        0x0 c:/program files/microchip/xc32/v4.10/bin/bin/../../lib/gcc/pic32c/8.3.1/../../../../pic32c/lib/thumb/v6-m/nofp\libg-musl.a(__environ.o)
 .xc_stack_usage.hdr
                0x00000000        0xe c:/program files/microchip/xc32/v4.10/bin/bin/../../lib/gcc/pic32c/8.3.1/../../../../pic32c/lib/thumb/v6-m/nofp\libg-musl.a(__environ.o)
 .text          0x00000000       0x8c c:/program files/microchip/xc32/v4.10/bin/bin/../../lib/gcc/pic32c/8.3.1/thumb/v6-m/nofp\libgcc.a(_udivsi3.o)
 .data          0x00000000        0x0 c:/program files/microchip/xc32/v4.10/bin/bin/../../lib/gcc/pic32c/8.3.1/thumb/v6-m/nofp\libgcc.a(_udivsi3.o)
 .bss           0x00000000        0x0 c:/program files/microchip/xc32/v4.10/bin/bin/../../lib/gcc/pic32c/8.3.1/thumb/v6-m/nofp\libgcc.a(_udivsi3.o)
 .debug_frame   0x00000000       0x20 c:/program files/microchip/xc32/v4.10/bin/bin/../../lib/gcc/pic32c/8.3.1/thumb/v6-m/nofp\libgcc.a(_udivsi3.o)
 .xc_stack_usage.hdr
                0x00000000        0xe c:/program files/microchip/xc32/v4.10/bin/bin/../../lib/gcc/pic32c/8.3.1/thumb/v6-m/nofp\libgcc.a(_udivsi3.o)
 .xc_stack_usage
                0x00000000       0x35 c:/program files/microchip/xc32/v4.10/bin/bin/../../lib/gcc/pic32c/8.3.1/thumb/v6-m/nofp\libgcc.a(_udivsi3.o)
 .debug_line    0x00000000       0xb5 c:/program files/microchip/xc32/v4.10/bin/bin/../../lib/gcc/pic32c/8.3.1/thumb/v6-m/nofp\libgcc.a(_udivsi3.o)
 .debug_info    0x00000000       0x26 c:/program files/microchip/xc32/v4.10/bin/bin/../../lib/gcc/pic32c/8.3.1/thumb/v6-m/nofp\libgcc.a(_udivsi3.o)
 .debug_abbrev  0x00000000       0x14 c:/program files/microchip/xc32/v4.10/bin/bin/../../lib/gcc/pic32c/8.3.1/thumb/v6-m/nofp\libgcc.a(_udivsi3.o)
 .debug_aranges
                0x00000000       0x20 c:/program files/microchip/xc32/v4.10/bin/bin/../../lib/gcc/pic32c/8.3.1/thumb/v6-m/nofp\libgcc.a(_udivsi3.o)
 .debug_str     0x00000000       0xf2 c:/program files/microchip/xc32/v4.10/bin/bin/../../lib/gcc/pic32c/8.3.1/thumb/v6-m/nofp\libgcc.a(_udivsi3.o)
 .ARM.attributes
                0x00000000       0x1e c:/program files/microchip/xc32/v4.10/bin/bin/../../lib/gcc/pic32c/8.3.1/thumb/v6-m/nofp\libgcc.a(_udivsi3.o)
 .text          0x00000000        0x4 c:/program files/microchip/xc32/v4.10/bin/bin/../../lib/gcc/pic32c/8.3.1/thumb/v6-m/nofp\libgcc.a(_dvmd_tls.o)
 .data          0x00000000        0x0 c:/program files/microchip/xc32/v4.10/bin/bin/../../lib/gcc/pic32c/8.3.1/thumb/v6-m/nofp\libgcc.a(_dvmd_tls.o)
 .bss           0x00000000        0x0 c:/program files/microchip/xc32/v4.10/bin/bin/../../lib/gcc/pic32c/8.3.1/thumb/v6-m/nofp\libgcc.a(_dvmd_tls.o)
 .xc_stack_usage.hdr
                0x00000000        0xe c:/program files/microchip/xc32/v4.10/bin/bin/../../lib/gcc/pic32c/8.3.1/thumb/v6-m/nofp\libgcc.a(_dvmd_tls.o)
 .xc_stack_usage
                0x00000000       0x36 c:/program files/microchip/xc32/v4.10/bin/bin/../../lib/gcc/pic32c/8.3.1/thumb/v6-m/nofp\libgcc.a(_dvmd_tls.o)
 .debug_line    0x00000000       0x9e c:/program files/microchip/xc32/v4.10/bin/bin/../../lib/gcc/pic32c/8.3.1/thumb/v6-m/nofp\libgcc.a(_dvmd_tls.o)
 .debug_info    0x00000000       0x26 c:/program files/microchip/xc32/v4.10/bin/bin/../../lib/gcc/pic32c/8.3.1/thumb/v6-m/nofp\libgcc.a(_dvmd_tls.o)
 .debug_abbrev  0x00000000       0x14 c:/program files/microchip/xc32/v4.10/bin/bin/../../lib/gcc/pic32c/8.3.1/thumb/v6-m/nofp\libgcc.a(_dvmd_tls.o)
 .debug_aranges
                0x00000000       0x20 c:/program files/microchip/xc32/v4.10/bin/bin/../../lib/gcc/pic32c/8.3.1/thumb/v6-m/nofp\libgcc.a(_dvmd_tls.o)
 .debug_str     0x00000000       0xf2 c:/program files/microchip/xc32/v4.10/bin/bin/../../lib/gcc/pic32c/8.3.1/thumb/v6-m/nofp\libgcc.a(_dvmd_tls.o)
 .ARM.attributes
                0x00000000       0x1e c:/program files/microchip/xc32/v4.10/bin/bin/../../lib/gcc/pic32c/8.3.1/thumb/v6-m/nofp\libgcc.a(_dvmd_tls.o)
 .text          0x00000000        0x0 c:/program files/microchip/xc32/v4.10/bin/bin/../../lib/gcc/pic32c/8.3.1/thumb/v6-m/nofp/crtend.o
 .data          0x00000000        0x0 c:/program files/microchip/xc32/v4.10/bin/bin/../../lib/gcc/pic32c/8.3.1/thumb/v6-m/nofp/crtend.o
 .bss           0x00000000        0x0 c:/program files/microchip/xc32/v4.10/bin/bin/../../lib/gcc/pic32c/8.3.1/thumb/v6-m/nofp/crtend.o
 .eh_frame      0x00000000        0x4 c:/program files/microchip/xc32/v4.10/bin/bin/../../lib/gcc/pic32c/8.3.1/thumb/v6-m/nofp/crtend.o
 .xc_stack_usage.hdr
                0x00000000        0xe c:/program files/microchip/xc32/v4.10/bin/bin/../../lib/gcc/pic32c/8.3.1/thumb/v6-m/nofp/crtend.o
 .comment       0x00000000       0x2c c:/program files/microchip/xc32/v4.10/bin/bin/../../lib/gcc/pic32c/8.3.1/thumb/v6-m/nofp/crtend.o
 .ARM.attributes
                0x00000000       0x2c c:/program files/microchip/xc32/v4.10/bin/bin/../../lib/gcc/pic32c/8.3.1/thumb/v6-m/nofp/crtend.o
 .text          0x00000000        0x0 c:/program files/microchip/xc32/v4.10/bin/bin/../../lib/gcc/pic32c/8.3.1/thumb/v6-m/nofp/crtn.o
 .data          0x00000000        0x0 c:/program files/microchip/xc32/v4.10/bin/bin/../../lib/gcc/pic32c/8.3.1/thumb/v6-m/nofp/crtn.o
 .bss           0x00000000        0x0 c:/program files/microchip/xc32/v4.10/bin/bin/../../lib/gcc/pic32c/8.3.1/thumb/v6-m/nofp/crtn.o
 .xc_stack_usage.hdr
                0x00000000        0xe c:/program files/microchip/xc32/v4.10/bin/bin/../../lib/gcc/pic32c/8.3.1/thumb/v6-m/nofp/crtn.o

Memory Configuration

Name             Origin             Length             Attributes
rom              0x00000000         0x00040000         xrl
ram              0x20000000         0x00008000         xw !r
config_00804000  0x00804000         0x00000004
config_00804004  0x00804004         0x00000004
*default*        0x00000000         0xffffffff

Linker script and memory map

LOAD c:/program files/microchip/xc32/v4.10/bin/bin/../../lib/gcc/pic32c/8.3.1/thumb/v6-m/nofp/crti.o
LOAD c:/program files/microchip/xc32/v4.10/bin/bin/../../lib/gcc/pic32c/8.3.1/thumb/v6-m/nofp/crtbegin.o
LOAD build/default/debug/_ext/1984496892/plib_clock.o
LOAD build/default/debug/_ext/60167341/plib_eic.o
LOAD build/default/debug/_ext/1986646378/plib_evsys.o
LOAD build/default/debug/_ext/1865468468/plib_nvic.o
LOAD build/default/debug/_ext/1593096446/plib_nvmctrl.o
LOAD build/default/debug/_ext/1865521619/plib_port.o
LOAD build/default/debug/_ext/163028504/xc32_monitor.o
LOAD build/default/debug/_ext/1171490990/interrupts.o
LOAD build/default/debug/_ext/1171490990/startup_xc32.o
LOAD build/default/debug/_ext/1171490990/exceptions.o
LOAD build/default/debug/_ext/1171490990/initialization.o
LOAD build/default/debug/_ext/1171490990/libc_syscalls.o
LOAD build/default/debug/_ext/1360937237/main.o
LOAD build/default/debug/_ext/508257091/plib_sercom2_i2c_master.o
                0x00000001                __MPLAB_BUILD = 0x1
                0x00040000                __rom_end = (ORIGIN (rom) + LENGTH (rom))
                0x20008000                __ram_end = (ORIGIN (ram) + LENGTH (ram))

.config_00804000
 *(.config_00804000)

.config_00804004
 *(.config_00804004)

.vectors        0x00000000       0xbc
                0x00000000                . = ALIGN (0x4)
                0x00000000                _sfixed = .
 *(.vectors .vectors.* .vectors_default .vectors_default.*)
 .vectors.exception_table
                0x00000000       0xbc build/default/debug/_ext/1171490990/interrupts.o
                0x00000000                exception_table
 *(.isr_vector)
 *(.reset*)
 *(.after_vectors)

.text           0x000000bc       0x20
                0x000000bc                . = ALIGN (0x4)
 *(.glue_7t)
 .glue_7t       0x000000bc        0x0 linker stubs
 *(.glue_7)
 .glue_7        0x000000bc        0x0 linker stubs
 *(.gnu.linkonce.r.*)
 *(.ARM.extab* .gnu.linkonce.armextab.*)
                0x000000bc                . = ALIGN (0x4)
 *(.init)
 .init          0x000000bc        0x4 c:/program files/microchip/xc32/v4.10/bin/bin/../../lib/gcc/pic32c/8.3.1/thumb/v6-m/nofp/crti.o
                0x000000bc                _init
 .init          0x000000c0        0x8 c:/program files/microchip/xc32/v4.10/bin/bin/../../lib/gcc/pic32c/8.3.1/thumb/v6-m/nofp/crtn.o
                0x000000c8                . = ALIGN (0x4)
                0x000000c8                __preinit_array_start = .
 *(.preinit_array)
                0x000000c8                __preinit_array_end = .
                0x000000c8                . = ALIGN (0x4)
                0x000000c8                __init_array_start = .
 *(SORT_BY_NAME(.init_array.*))
 *(.init_array)
 .init_array    0x000000c8        0x4 c:/program files/microchip/xc32/v4.10/bin/bin/../../lib/gcc/pic32c/8.3.1/thumb/v6-m/nofp/crtbegin.o
                0x000000cc                __init_array_end = .
                0x000000cc                . = ALIGN (0x4)
 *crtbegin.o(.ctors)
 *(EXCLUDE_FILE(*crtend.o) .ctors)
 *(SORT_BY_NAME(.ctors.*))
 *crtend.o(.ctors)
                0x000000cc                . = ALIGN (0x4)
 *(.fini)
 .fini          0x000000cc        0x4 c:/program files/microchip/xc32/v4.10/bin/bin/../../lib/gcc/pic32c/8.3.1/thumb/v6-m/nofp/crti.o
                0x000000cc                _fini
 .fini          0x000000d0        0x8 c:/program files/microchip/xc32/v4.10/bin/bin/../../lib/gcc/pic32c/8.3.1/thumb/v6-m/nofp/crtn.o
                0x000000d8                . = ALIGN (0x4)
                0x000000d8                __fini_array_start = .
 *(.fini_array)
 .fini_array    0x000000d8        0x4 c:/program files/microchip/xc32/v4.10/bin/bin/../../lib/gcc/pic32c/8.3.1/thumb/v6-m/nofp/crtbegin.o
 *(SORT_BY_NAME(.fini_array.*))
                0x000000dc                __fini_array_end = .
 *crtbegin.o(.dtors)
 *(EXCLUDE_FILE(*crtend.o) .dtors)
 *(SORT_BY_NAME(.dtors.*))
 *crtend.o(.dtors)
                0x000000dc                . = ALIGN (0x4)
                0x000000dc                _efixed = .
                [!provide]                PROVIDE (__exidx_start = .)

.ARM.exidx
 *(.ARM.exidx* .gnu.linkonce.armexidx.*)
                [!provide]                PROVIDE (__exidx_end = .)
                0x000000dc                . = ALIGN (0x4)
                0x000000dc                _etext = .

.bss            0x20000000        0x0
                0x20000000                . = ALIGN (0x4)
                0x20000000                __bss_start__ = .
                0x20000000                _sbss = .
                0x20000000                _szero = .
 *(COMMON)
                0x20000000                . = ALIGN (0x4)
                0x20000000                __bss_end__ = .
                0x20000000                _ebss = .
                0x20000000                _ezero = .
                0x20000000                . = ALIGN (0x4)
                0x20000000                _end = .
                0x20007fff                _ram_end_ = ((ORIGIN (ram) + LENGTH (ram)) - 0x1)
                0x00000001                __ICD2RAM = 0x1
                0x00000001                __MPLAB_DEBUG = 0x1
                0x00000001                __DEBUG = 0x1
                0x00000200                _min_heap_size = 0x200
START GROUP
LOAD c:/program files/microchip/xc32/v4.10/bin/bin/../../lib/gcc/pic32c/8.3.1/../../../../pic32c/lib/thumb/v6-m/nofp\libpic32c.a
LOAD c:/program files/microchip/xc32/v4.10/bin/bin/../../lib/gcc/pic32c/8.3.1/../../../../pic32c/lib/thumb/v6-m/nofp\libm-emfloat.a
LOAD c:/program files/microchip/xc32/v4.10/bin/bin/../../lib/gcc/pic32c/8.3.1/../../../../pic32c/lib/thumb/v6-m/nofp\libg-musl.a
LOAD c:/program files/microchip/xc32/v4.10/bin/bin/../../lib/gcc/pic32c/8.3.1/../../../../pic32c/lib/thumb/v6-m/nofp\libc-musl.a
LOAD c:/program files/microchip/xc32/v4.10/bin/bin/../../lib/gcc/pic32c/8.3.1/../../../../pic32c/lib/thumb/v6-m/nofp\libm-emfloat.a
LOAD c:/program files/microchip/xc32/v4.10/bin/bin/../../lib/gcc/pic32c/8.3.1/thumb/v6-m/nofp\libgcc.a
END GROUP
LOAD c:/program files/microchip/xc32/v4.10/bin/bin/../../lib/gcc/pic32c/8.3.1/thumb/v6-m/nofp/crtend.o
LOAD c:/program files/microchip/xc32/v4.10/bin/bin/../../lib/gcc/pic32c/8.3.1/thumb/v6-m/nofp/crtn.o
OUTPUT(dist/default/debug/SAMC21_Unit_Testing.X.debug.elf elf32-littlearm)
LOAD stack
LOAD data_init

.ARM.attributes
                0x00000000       0x2a
 .ARM.attributes
                0x00000000       0x1e c:/program files/microchip/xc32/v4.10/bin/bin/../../lib/gcc/pic32c/8.3.1/thumb/v6-m/nofp/crti.o
 .ARM.attributes
                0x0000001e       0x2c c:/program files/microchip/xc32/v4.10/bin/bin/../../lib/gcc/pic32c/8.3.1/thumb/v6-m/nofp/crtbegin.o
 .ARM.attributes
                0x0000004a       0x2c build/default/debug/_ext/1984496892/plib_clock.o
 .ARM.attributes
                0x00000076       0x2c build/default/debug/_ext/60167341/plib_eic.o
 .ARM.attributes
                0x000000a2       0x2c build/default/debug/_ext/1986646378/plib_evsys.o
 .ARM.attributes
                0x000000ce       0x2c build/default/debug/_ext/1865468468/plib_nvic.o
 .ARM.attributes
                0x000000fa       0x2c build/default/debug/_ext/1593096446/plib_nvmctrl.o
 .ARM.attributes
                0x00000126       0x2c build/default/debug/_ext/1865521619/plib_port.o
 .ARM.attributes
                0x00000152       0x2c build/default/debug/_ext/1171490990/interrupts.o
 .ARM.attributes
                0x0000017e       0x2c build/default/debug/_ext/1171490990/startup_xc32.o
 .ARM.attributes
                0x000001aa       0x2c build/default/debug/_ext/1171490990/exceptions.o
 .ARM.attributes
                0x000001d6       0x2c build/default/debug/_ext/1171490990/initialization.o
 .ARM.attributes
                0x00000202       0x2c build/default/debug/_ext/1360937237/main.o
 .ARM.attributes
                0x0000022e       0x2c build/default/debug/_ext/508257091/plib_sercom2_i2c_master.o
 .ARM.attributes
                0x0000025a       0x2c c:/program files/microchip/xc32/v4.10/bin/bin/../../lib/gcc/pic32c/8.3.1/../../../../pic32c/lib/thumb/v6-m/nofp\libpic32c.a(data_init.o)
 .ARM.attributes
                0x00000286       0x2e c:/program files/microchip/xc32/v4.10/bin/bin/../../lib/gcc/pic32c/8.3.1/../../../../pic32c/lib/thumb/v6-m/nofp\libg-musl.a(__libc_start_main.o)
 .ARM.attributes
                0x000002b4       0x2e c:/program files/microchip/xc32/v4.10/bin/bin/../../lib/gcc/pic32c/8.3.1/../../../../pic32c/lib/thumb/v6-m/nofp\libg-musl.a(libc.o)
 .ARM.attributes
                0x000002e2       0x2e c:/program files/microchip/xc32/v4.10/bin/bin/../../lib/gcc/pic32c/8.3.1/../../../../pic32c/lib/thumb/v6-m/nofp\libg-musl.a(__environ.o)
 .ARM.attributes
                0x00000310       0x1e c:/program files/microchip/xc32/v4.10/bin/bin/../../lib/gcc/pic32c/8.3.1/thumb/v6-m/nofp/crtn.o

.comment        0x00000000       0x2b
 .comment       0x00000000       0x2b c:/program files/microchip/xc32/v4.10/bin/bin/../../lib/gcc/pic32c/8.3.1/thumb/v6-m/nofp/crtbegin.o
                                 0x2c (size before relaxing)
 .comment       0x0000002b       0x2c build/default/debug/_ext/1984496892/plib_clock.o
 .comment       0x0000002b       0x2c build/default/debug/_ext/60167341/plib_eic.o
 .comment       0x0000002b       0x2c build/default/debug/_ext/1986646378/plib_evsys.o
 .comment       0x0000002b       0x2c build/default/debug/_ext/1865468468/plib_nvic.o
 .comment       0x0000002b       0x2c build/default/debug/_ext/1593096446/plib_nvmctrl.o
 .comment       0x0000002b       0x2c build/default/debug/_ext/1865521619/plib_port.o
 .comment       0x0000002b       0x2c build/default/debug/_ext/1171490990/interrupts.o
 .comment       0x0000002b       0x2c build/default/debug/_ext/1171490990/startup_xc32.o
 .comment       0x0000002b       0x2c build/default/debug/_ext/1171490990/exceptions.o
 .comment       0x0000002b       0x2c build/default/debug/_ext/1171490990/initialization.o
 .comment       0x0000002b       0x2c build/default/debug/_ext/1360937237/main.o
 .comment       0x0000002b       0x2c build/default/debug/_ext/508257091/plib_sercom2_i2c_master.o
 .comment       0x0000002b       0x2c c:/program files/microchip/xc32/v4.10/bin/bin/../../lib/gcc/pic32c/8.3.1/../../../../pic32c/lib/thumb/v6-m/nofp\libpic32c.a(data_init.o)
 .comment       0x0000002b       0x2c c:/program files/microchip/xc32/v4.10/bin/bin/../../lib/gcc/pic32c/8.3.1/../../../../pic32c/lib/thumb/v6-m/nofp\libg-musl.a(__libc_start_main.o)
 .comment       0x0000002b       0x2c c:/program files/microchip/xc32/v4.10/bin/bin/../../lib/gcc/pic32c/8.3.1/../../../../pic32c/lib/thumb/v6-m/nofp\libg-musl.a(libc.o)
 .comment       0x0000002b       0x2c c:/program files/microchip/xc32/v4.10/bin/bin/../../lib/gcc/pic32c/8.3.1/../../../../pic32c/lib/thumb/v6-m/nofp\libg-musl.a(__environ.o)

.debug_info     0x00000000     0x8053
 .debug_info    0x00000000      0xae4 build/default/debug/_ext/1984496892/plib_clock.o
 .debug_info    0x00000ae4      0x6bd build/default/debug/_ext/60167341/plib_eic.o
 .debug_info    0x000011a1      0x324 build/default/debug/_ext/1986646378/plib_evsys.o
 .debug_info    0x000014c5      0xacf build/default/debug/_ext/1865468468/plib_nvic.o
 .debug_info    0x00001f94      0xbd4 build/default/debug/_ext/1593096446/plib_nvmctrl.o
 .debug_info    0x00002b68      0xd66 build/default/debug/_ext/1865521619/plib_port.o
 .debug_info    0x000038ce      0x8d5 build/default/debug/_ext/1171490990/interrupts.o
 .debug_info    0x000041a3      0x4a9 build/default/debug/_ext/1171490990/startup_xc32.o
 .debug_info    0x0000464c      0x348 build/default/debug/_ext/1171490990/exceptions.o
 .debug_info    0x00004994      0x659 build/default/debug/_ext/1171490990/initialization.o
 .debug_info    0x00004fed      0x749 build/default/debug/_ext/1360937237/main.o
 .debug_info    0x00005736     0x1884 build/default/debug/_ext/508257091/plib_sercom2_i2c_master.o
 .debug_info    0x00006fba      0x2a4 c:/program files/microchip/xc32/v4.10/bin/bin/../../lib/gcc/pic32c/8.3.1/../../../../pic32c/lib/thumb/v6-m/nofp\libpic32c.a(data_init.o)
 .debug_info    0x0000725e      0x61d c:/program files/microchip/xc32/v4.10/bin/bin/../../lib/gcc/pic32c/8.3.1/../../../../pic32c/lib/thumb/v6-m/nofp\libg-musl.a(__libc_start_main.o)
 .debug_info    0x0000787b      0x52f c:/program files/microchip/xc32/v4.10/bin/bin/../../lib/gcc/pic32c/8.3.1/../../../../pic32c/lib/thumb/v6-m/nofp\libg-musl.a(libc.o)
 .debug_info    0x00007daa      0x2a9 c:/program files/microchip/xc32/v4.10/bin/bin/../../lib/gcc/pic32c/8.3.1/../../../../pic32c/lib/thumb/v6-m/nofp\libg-musl.a(__environ.o)

.debug_abbrev   0x00000000     0x1397
 .debug_abbrev  0x00000000      0x14f build/default/debug/_ext/1984496892/plib_clock.o
 .debug_abbrev  0x0000014f      0x1ad build/default/debug/_ext/60167341/plib_eic.o
 .debug_abbrev  0x000002fc       0x3b build/default/debug/_ext/1986646378/plib_evsys.o
 .debug_abbrev  0x00000337      0x1e1 build/default/debug/_ext/1865468468/plib_nvic.o
 .debug_abbrev  0x00000518      0x1c9 build/default/debug/_ext/1593096446/plib_nvmctrl.o
 .debug_abbrev  0x000006e1      0x1d6 build/default/debug/_ext/1865521619/plib_port.o
 .debug_abbrev  0x000008b7       0xb5 build/default/debug/_ext/1171490990/interrupts.o
 .debug_abbrev  0x0000096c      0x110 build/default/debug/_ext/1171490990/startup_xc32.o
 .debug_abbrev  0x00000a7c       0x3e build/default/debug/_ext/1171490990/exceptions.o
 .debug_abbrev  0x00000aba       0xfa build/default/debug/_ext/1171490990/initialization.o
 .debug_abbrev  0x00000bb4      0x17c build/default/debug/_ext/1360937237/main.o
 .debug_abbrev  0x00000d30      0x413 build/default/debug/_ext/508257091/plib_sercom2_i2c_master.o
 .debug_abbrev  0x00001143       0x2e c:/program files/microchip/xc32/v4.10/bin/bin/../../lib/gcc/pic32c/8.3.1/../../../../pic32c/lib/thumb/v6-m/nofp\libpic32c.a(data_init.o)
 .debug_abbrev  0x00001171      0x117 c:/program files/microchip/xc32/v4.10/bin/bin/../../lib/gcc/pic32c/8.3.1/../../../../pic32c/lib/thumb/v6-m/nofp\libg-musl.a(__libc_start_main.o)
 .debug_abbrev  0x00001288       0xb8 c:/program files/microchip/xc32/v4.10/bin/bin/../../lib/gcc/pic32c/8.3.1/../../../../pic32c/lib/thumb/v6-m/nofp\libg-musl.a(libc.o)
 .debug_abbrev  0x00001340       0x57 c:/program files/microchip/xc32/v4.10/bin/bin/../../lib/gcc/pic32c/8.3.1/../../../../pic32c/lib/thumb/v6-m/nofp\libg-musl.a(__environ.o)

.debug_loc      0x00000000     0x1631
 .debug_loc     0x00000000       0x45 build/default/debug/_ext/1984496892/plib_clock.o
 .debug_loc     0x00000045      0x110 build/default/debug/_ext/60167341/plib_eic.o
 .debug_loc     0x00000155       0x9c build/default/debug/_ext/1865468468/plib_nvic.o
 .debug_loc     0x000001f1      0x665 build/default/debug/_ext/1593096446/plib_nvmctrl.o
 .debug_loc     0x00000856      0x226 build/default/debug/_ext/1865521619/plib_port.o
 .debug_loc     0x00000a7c       0x20 build/default/debug/_ext/1171490990/startup_xc32.o
 .debug_loc     0x00000a9c       0x45 build/default/debug/_ext/1171490990/initialization.o
 .debug_loc     0x00000ae1       0x4c build/default/debug/_ext/1360937237/main.o
 .debug_loc     0x00000b2d      0xa92 build/default/debug/_ext/508257091/plib_sercom2_i2c_master.o
 .debug_loc     0x000015bf       0x14 c:/program files/microchip/xc32/v4.10/bin/bin/../../lib/gcc/pic32c/8.3.1/../../../../pic32c/lib/thumb/v6-m/nofp\libpic32c.a(data_init.o)
 .debug_loc     0x000015d3       0x5e c:/program files/microchip/xc32/v4.10/bin/bin/../../lib/gcc/pic32c/8.3.1/../../../../pic32c/lib/thumb/v6-m/nofp\libg-musl.a(__libc_start_main.o)

.debug_aranges  0x00000000      0x370
 .debug_aranges
                0x00000000       0x20 build/default/debug/_ext/1984496892/plib_clock.o
 .debug_aranges
                0x00000020       0x40 build/default/debug/_ext/60167341/plib_eic.o
 .debug_aranges
                0x00000060       0x20 build/default/debug/_ext/1986646378/plib_evsys.o
 .debug_aranges
                0x00000080       0x38 build/default/debug/_ext/1865468468/plib_nvic.o
 .debug_aranges
                0x000000b8       0xa0 build/default/debug/_ext/1593096446/plib_nvmctrl.o
 .debug_aranges
                0x00000158       0x70 build/default/debug/_ext/1865521619/plib_port.o
 .debug_aranges
                0x000001c8       0x20 build/default/debug/_ext/1171490990/interrupts.o
 .debug_aranges
                0x000001e8       0x28 build/default/debug/_ext/1171490990/startup_xc32.o
 .debug_aranges
                0x00000210       0x28 build/default/debug/_ext/1171490990/exceptions.o
 .debug_aranges
                0x00000238       0x20 build/default/debug/_ext/1171490990/initialization.o
 .debug_aranges
                0x00000258       0x30 build/default/debug/_ext/1360937237/main.o
 .debug_aranges
                0x00000288       0x70 build/default/debug/_ext/508257091/plib_sercom2_i2c_master.o
 .debug_aranges
                0x000002f8       0x20 c:/program files/microchip/xc32/v4.10/bin/bin/../../lib/gcc/pic32c/8.3.1/../../../../pic32c/lib/thumb/v6-m/nofp\libpic32c.a(data_init.o)
 .debug_aranges
                0x00000318       0x28 c:/program files/microchip/xc32/v4.10/bin/bin/../../lib/gcc/pic32c/8.3.1/../../../../pic32c/lib/thumb/v6-m/nofp\libg-musl.a(__libc_start_main.o)
 .debug_aranges
                0x00000340       0x18 c:/program files/microchip/xc32/v4.10/bin/bin/../../lib/gcc/pic32c/8.3.1/../../../../pic32c/lib/thumb/v6-m/nofp\libg-musl.a(libc.o)
 .debug_aranges
                0x00000358       0x18 c:/program files/microchip/xc32/v4.10/bin/bin/../../lib/gcc/pic32c/8.3.1/../../../../pic32c/lib/thumb/v6-m/nofp\libg-musl.a(__environ.o)

.debug_ranges   0x00000000      0x340
 .debug_ranges  0x00000000       0x10 build/default/debug/_ext/1984496892/plib_clock.o
 .debug_ranges  0x00000010       0x48 build/default/debug/_ext/60167341/plib_eic.o
 .debug_ranges  0x00000058       0x10 build/default/debug/_ext/1986646378/plib_evsys.o
 .debug_ranges  0x00000068       0x28 build/default/debug/_ext/1865468468/plib_nvic.o
 .debug_ranges  0x00000090       0x90 build/default/debug/_ext/1593096446/plib_nvmctrl.o
 .debug_ranges  0x00000120       0x60 build/default/debug/_ext/1865521619/plib_port.o
 .debug_ranges  0x00000180       0x10 build/default/debug/_ext/1171490990/interrupts.o
 .debug_ranges  0x00000190       0x18 build/default/debug/_ext/1171490990/startup_xc32.o
 .debug_ranges  0x000001a8       0x18 build/default/debug/_ext/1171490990/exceptions.o
 .debug_ranges  0x000001c0       0x10 build/default/debug/_ext/1171490990/initialization.o
 .debug_ranges  0x000001d0       0x20 build/default/debug/_ext/1360937237/main.o
 .debug_ranges  0x000001f0      0x110 build/default/debug/_ext/508257091/plib_sercom2_i2c_master.o
 .debug_ranges  0x00000300       0x10 c:/program files/microchip/xc32/v4.10/bin/bin/../../lib/gcc/pic32c/8.3.1/../../../../pic32c/lib/thumb/v6-m/nofp\libpic32c.a(data_init.o)
 .debug_ranges  0x00000310       0x30 c:/program files/microchip/xc32/v4.10/bin/bin/../../lib/gcc/pic32c/8.3.1/../../../../pic32c/lib/thumb/v6-m/nofp\libg-musl.a(__libc_start_main.o)

.debug_line     0x00000000     0x22d8
 .debug_line    0x00000000      0x1ed build/default/debug/_ext/1984496892/plib_clock.o
 .debug_line    0x000001ed      0x2c1 build/default/debug/_ext/60167341/plib_eic.o
 .debug_line    0x000004ae       0x66 build/default/debug/_ext/1986646378/plib_evsys.o
 .debug_line    0x00000514      0x2e1 build/default/debug/_ext/1865468468/plib_nvic.o
 .debug_line    0x000007f5      0x44e build/default/debug/_ext/1593096446/plib_nvmctrl.o
 .debug_line    0x00000c43      0x2ba build/default/debug/_ext/1865521619/plib_port.o
 .debug_line    0x00000efd       0xba build/default/debug/_ext/1171490990/interrupts.o
 .debug_line    0x00000fb7      0x158 build/default/debug/_ext/1171490990/startup_xc32.o
 .debug_line    0x0000110f       0x70 build/default/debug/_ext/1171490990/exceptions.o
 .debug_line    0x0000117f      0x28b build/default/debug/_ext/1171490990/initialization.o
 .debug_line    0x0000140a      0x1cb build/default/debug/_ext/1360937237/main.o
 .debug_line    0x000015d5      0x831 build/default/debug/_ext/508257091/plib_sercom2_i2c_master.o
 .debug_line    0x00001e06      0x134 c:/program files/microchip/xc32/v4.10/bin/bin/../../lib/gcc/pic32c/8.3.1/../../../../pic32c/lib/thumb/v6-m/nofp\libpic32c.a(data_init.o)
 .debug_line    0x00001f3a      0x1d0 c:/program files/microchip/xc32/v4.10/bin/bin/../../lib/gcc/pic32c/8.3.1/../../../../pic32c/lib/thumb/v6-m/nofp\libg-musl.a(__libc_start_main.o)
 .debug_line    0x0000210a       0xbf c:/program files/microchip/xc32/v4.10/bin/bin/../../lib/gcc/pic32c/8.3.1/../../../../pic32c/lib/thumb/v6-m/nofp\libg-musl.a(libc.o)
 .debug_line    0x000021c9      0x10f c:/program files/microchip/xc32/v4.10/bin/bin/../../lib/gcc/pic32c/8.3.1/../../../../pic32c/lib/thumb/v6-m/nofp\libg-musl.a(__environ.o)

.debug_str      0x00000000      0x2c6
 .debug_str     0x00000000       0x1e build/default/debug/_ext/1984496892/plib_clock.o
 .debug_str     0x0000001e       0x11 build/default/debug/_ext/60167341/plib_eic.o
 .debug_str     0x0000002f        0x0 build/default/debug/_ext/1986646378/plib_evsys.o
 .debug_str     0x0000002f        0xa build/default/debug/_ext/1865468468/plib_nvic.o
 .debug_str     0x00000039       0x16 build/default/debug/_ext/1593096446/plib_nvmctrl.o
 .debug_str     0x0000004f        0xb build/default/debug/_ext/1865521619/plib_port.o
 .debug_str     0x0000005a        0x0 build/default/debug/_ext/1171490990/interrupts.o
 .debug_str     0x0000005a       0x2f build/default/debug/_ext/1171490990/startup_xc32.o
 .debug_str     0x00000089        0x0 build/default/debug/_ext/1171490990/exceptions.o
 .debug_str     0x00000089       0x7b build/default/debug/_ext/1171490990/initialization.o
 .debug_str     0x00000104       0x56 build/default/debug/_ext/1360937237/main.o
 .debug_str     0x0000015a      0x16c build/default/debug/_ext/508257091/plib_sercom2_i2c_master.o
 .debug_str     0x000002c6        0x0 c:/program files/microchip/xc32/v4.10/bin/bin/../../lib/gcc/pic32c/8.3.1/../../../../pic32c/lib/thumb/v6-m/nofp\libpic32c.a(data_init.o)
 .debug_str     0x000002c6        0x0 c:/program files/microchip/xc32/v4.10/bin/bin/../../lib/gcc/pic32c/8.3.1/../../../../pic32c/lib/thumb/v6-m/nofp\libg-musl.a(__libc_start_main.o)
 .debug_str     0x000002c6        0x0 c:/program files/microchip/xc32/v4.10/bin/bin/../../lib/gcc/pic32c/8.3.1/../../../../pic32c/lib/thumb/v6-m/nofp\libg-musl.a(libc.o)
 .debug_str     0x000002c6        0x0 c:/program files/microchip/xc32/v4.10/bin/bin/../../lib/gcc/pic32c/8.3.1/../../../../pic32c/lib/thumb/v6-m/nofp\libg-musl.a(__environ.o)

.debug_frame    0x00000000      0x590
 .debug_frame   0x00000000       0x20 build/default/debug/_ext/1984496892/plib_clock.o
 .debug_frame   0x00000020       0x84 build/default/debug/_ext/60167341/plib_eic.o
 .debug_frame   0x000000a4       0x20 build/default/debug/_ext/1986646378/plib_evsys.o
 .debug_frame   0x000000c4       0x50 build/default/debug/_ext/1865468468/plib_nvic.o
 .debug_frame   0x00000114      0x148 build/default/debug/_ext/1593096446/plib_nvmctrl.o
 .debug_frame   0x0000025c       0xcc build/default/debug/_ext/1865521619/plib_port.o
 .debug_frame   0x00000328       0x20 build/default/debug/_ext/1171490990/interrupts.o
 .debug_frame   0x00000348       0x38 build/default/debug/_ext/1171490990/startup_xc32.o
 .debug_frame   0x00000380       0x30 build/default/debug/_ext/1171490990/exceptions.o
 .debug_frame   0x000003b0       0x28 build/default/debug/_ext/1171490990/initialization.o
 .debug_frame   0x000003d8       0x50 build/default/debug/_ext/1360937237/main.o
 .debug_frame   0x00000428       0xfc build/default/debug/_ext/508257091/plib_sercom2_i2c_master.o
 .debug_frame   0x00000524       0x34 c:/program files/microchip/xc32/v4.10/bin/bin/../../lib/gcc/pic32c/8.3.1/../../../../pic32c/lib/thumb/v6-m/nofp\libpic32c.a(data_init.o)
 .debug_frame   0x00000558       0x38 c:/program files/microchip/xc32/v4.10/bin/bin/../../lib/gcc/pic32c/8.3.1/../../../../pic32c/lib/thumb/v6-m/nofp\libg-musl.a(__libc_start_main.o)

.note.GNU-stack
                0x00000000        0x0
 .note.GNU-stack
                0x00000000        0x0 c:/program files/microchip/xc32/v4.10/bin/bin/../../lib/gcc/pic32c/8.3.1/../../../../pic32c/lib/thumb/v6-m/nofp\libg-musl.a(__libc_start_main.o)
 .note.GNU-stack
                0x00000000        0x0 c:/program files/microchip/xc32/v4.10/bin/bin/../../lib/gcc/pic32c/8.3.1/../../../../pic32c/lib/thumb/v6-m/nofp\libg-musl.a(libc.o)
 .note.GNU-stack
                0x00000000        0x0 c:/program files/microchip/xc32/v4.10/bin/bin/../../lib/gcc/pic32c/8.3.1/../../../../pic32c/lib/thumb/v6-m/nofp\libg-musl.a(__environ.o)

.stack          0x20000380      0x100
 .stack         0x20000380      0x100 stack

.bss.eicCallbackObject%1
                0x20000000       0xc0
 .bss.eicCallbackObject
                0x20000000       0xc0 build/default/debug/_ext/60167341/plib_eic.o

.bss%2          0x200000c0       0x50
 .bss           0x200000c0       0x50 c:/program files/microchip/xc32/v4.10/bin/bin/../../lib/gcc/pic32c/8.3.1/../../../../pic32c/lib/thumb/v6-m/nofp\libg-musl.a(libc.o)
                0x200000c0                __progname_full
                0x200000c0                program_invocation_name
                0x200000c4                program_invocation_short_name
                0x200000c4                __progname
                0x200000c8                __sysinfo
                0x200000cc                __hwcap
                0x200000d0                __libc

.bss.sercom2I2CObj%3
                0x20000110       0x2c
 .bss.sercom2I2CObj
                0x20000110       0x2c build/default/debug/_ext/508257091/plib_sercom2_i2c_master.o

.bss%4          0x2000013c       0x24
 .bss           0x2000013c       0x1c c:/program files/microchip/xc32/v4.10/bin/bin/../../lib/gcc/pic32c/8.3.1/thumb/v6-m/nofp/crtbegin.o
 .bss           0x20000158        0x4 c:/program files/microchip/xc32/v4.10/bin/bin/../../lib/gcc/pic32c/8.3.1/../../../../pic32c/lib/thumb/v6-m/nofp\libpic32c.a(data_init.o)
 .bss           0x2000015c        0x4 c:/program files/microchip/xc32/v4.10/bin/bin/../../lib/gcc/pic32c/8.3.1/../../../../pic32c/lib/thumb/v6-m/nofp\libg-musl.a(__environ.o)
                0x2000015c                __environ
                0x2000015c                environ
                0x2000015c                ___environ
                0x2000015c                _environ

.eh_frame%z1    0x00000000        0x0
 .eh_frame      0x00000000        0x0 c:/program files/microchip/xc32/v4.10/bin/bin/../../lib/gcc/pic32c/8.3.1/thumb/v6-m/nofp/crtbegin.o

.config_00804000.__config_00804000%7
                0x00804000        0x4
 .config_00804000.__config_00804000
                0x00804000        0x4 build/default/debug/_ext/1171490990/initialization.o
                0x00804000                __config_00804000

.config_00804004.__config_00804004%8
                0x00804004        0x4
 .config_00804004.__config_00804004
                0x00804004        0x4 build/default/debug/_ext/1171490990/initialization.o
                0x00804004                __config_00804004

.text.SERCOM2_I2C_InterruptHandler%9
                0x000000dc      0x1bc
 .text.SERCOM2_I2C_InterruptHandler
                0x000000dc      0x1bc build/default/debug/_ext/508257091/plib_sercom2_i2c_master.o
                0x000000dc                SERCOM2_I2C_InterruptHandler

.text.CLOCK_Initialize%10
                0x00000298       0x98
 .text.CLOCK_Initialize
                0x00000298       0x98 build/default/debug/_ext/1984496892/plib_clock.o
                0x00000298                CLOCK_Initialize

.text.__pic32c_data_initialization%11
                0x00000330       0x90
 .text.__pic32c_data_initialization
                0x00000330       0x90 c:/program files/microchip/xc32/v4.10/bin/bin/../../lib/gcc/pic32c/8.3.1/../../../../pic32c/lib/thumb/v6-m/nofp\libpic32c.a(data_init.o)
                0x00000330                __pic32c_data_initialization

.text.EIC_Initialize%12
                0x000003c0       0x84
 .text.EIC_Initialize
                0x000003c0       0x84 build/default/debug/_ext/60167341/plib_eic.o
                0x000003c0                EIC_Initialize

.text.EIC_InterruptHandler%13
                0x00000444       0x60
 .text.EIC_InterruptHandler
                0x00000444       0x60 build/default/debug/_ext/60167341/plib_eic.o
                0x00000444                EIC_InterruptHandler

.text.SERCOM2_I2C_Initialize%14
                0x000004a4       0x60
 .text.SERCOM2_I2C_Initialize
                0x000004a4       0x60 build/default/debug/_ext/508257091/plib_sercom2_i2c_master.o
                0x000004a4                SERCOM2_I2C_Initialize

.text.__libc_start_init%15
                0x00000504       0x5c
 .text.__libc_start_init
                0x00000504       0x5c c:/program files/microchip/xc32/v4.10/bin/bin/../../lib/gcc/pic32c/8.3.1/../../../../pic32c/lib/thumb/v6-m/nofp\libg-musl.a(__libc_start_main.o)
                0x00000504                __libc_init_array

.text.SERCOM2_I2C_InitiateTransfer%16
                0x00000560       0x54
 .text.SERCOM2_I2C_InitiateTransfer
                0x00000560       0x54 build/default/debug/_ext/508257091/plib_sercom2_i2c_master.o

.dinit%17       0x000005b4       0x50
 .dinit         0x000005b4       0x50 data_init

.text%18        0x00000604       0x48
 .text          0x00000604       0x48 c:/program files/microchip/xc32/v4.10/bin/bin/../../lib/gcc/pic32c/8.3.1/thumb/v6-m/nofp/crtbegin.o

.text.Reset_Handler%19
                0x0000064c       0x48
 .text.Reset_Handler
                0x0000064c       0x48 build/default/debug/_ext/1171490990/startup_xc32.o
                0x0000064c                Reset_Handler

.text.NVIC_Initialize%20
                0x00000694       0x38
 .text.NVIC_Initialize
                0x00000694       0x38 build/default/debug/_ext/1865468468/plib_nvic.o
                0x00000694                NVIC_Initialize

.text.PORT_Initialize%21
                0x000006cc       0x38
 .text.PORT_Initialize
                0x000006cc       0x38 build/default/debug/_ext/1865521619/plib_port.o
                0x000006cc                PORT_Initialize

.text.SERCOM2_I2C_Read%22
                0x00000704       0x38
 .text.SERCOM2_I2C_Read
                0x00000704       0x38 build/default/debug/_ext/508257091/plib_sercom2_i2c_master.o
                0x00000704                SERCOM2_I2C_Read

.text.SERCOM2_I2C_Write%23
                0x0000073c       0x34
 .text.SERCOM2_I2C_Write
                0x0000073c       0x34 build/default/debug/_ext/508257091/plib_sercom2_i2c_master.o
                0x0000073c                SERCOM2_I2C_Write

.text.SYS_Initialize%24
                0x00000770       0x2c
 .text.SYS_Initialize
                0x00000770       0x2c build/default/debug/_ext/1171490990/initialization.o
                0x00000770                SYS_Initialize

.text.EIC_CallbackRegister%25
                0x0000079c       0x28
 .text.EIC_CallbackRegister
                0x0000079c       0x28 build/default/debug/_ext/60167341/plib_eic.o
                0x0000079c                EIC_CallbackRegister

.text.ReadTemperature%26
                0x000007c4       0x28
 .text.ReadTemperature
                0x000007c4       0x28 build/default/debug/_ext/1360937237/main.o
                0x000007c4                ReadTemperature

.text.main%27   0x000007ec       0x28
 .text.main     0x000007ec       0x28 build/default/debug/_ext/1360937237/main.o
                0x000007ec                main

.text.NVMCTRL_Initialize%28
                0x00000814        0xc
 .text.NVMCTRL_Initialize
                0x00000814        0xc build/default/debug/_ext/1593096446/plib_nvmctrl.o
                0x00000814                NVMCTRL_Initialize

.text.MyEICHandler%29
                0x00000820        0xc
 .text.MyEICHandler
                0x00000820        0xc build/default/debug/_ext/1360937237/main.o
                0x00000820                MyEICHandler

.text.NonMaskableInt_Handler%30
                0x0000082c        0x4
 .text.NonMaskableInt_Handler
                0x0000082c        0x4 build/default/debug/_ext/1171490990/exceptions.o
                0x0000082c                NonMaskableInt_Handler

.text.HardFault_Handler%31
                0x00000830        0x4
 .text.HardFault_Handler
                0x00000830        0x4 build/default/debug/_ext/1171490990/exceptions.o
                0x00000830                HardFault_Handler

.text.EVSYS_Initialize%32
                0x00000834        0x2
 .text.EVSYS_Initialize
                0x00000834        0x2 build/default/debug/_ext/1986646378/plib_evsys.o
                0x00000834                EVSYS_Initialize

.text.Dummy_Handler%33
                0x00000836        0x2
 .text.Dummy_Handler
                0x00000836        0x2 build/default/debug/_ext/1171490990/interrupts.o
                0x00000836                SVCall_Handler
                0x00000836                DMAC_Handler
                0x00000836                TC2_Handler
                0x00000836                AC_Handler
                0x00000836                SysTick_Handler
                0x00000836                PendSV_Handler
                0x00000836                SERCOM1_Handler
                0x00000836                TCC1_Handler
                0x00000836                TCC0_Handler
                0x00000836                RTC_Handler
                0x00000836                ADC1_Handler
                0x00000836                WDT_Handler
                0x00000836                CAN0_Handler
                0x00000836                TC4_Handler
                0x00000836                TC1_Handler
                0x00000836                TC3_Handler
                0x00000836                SDADC_Handler
                0x00000836                Dummy_Handler
                0x00000836                SERCOM5_Handler
                0x00000836                CAN1_Handler
                0x00000836                ADC0_Handler
                0x00000836                TSENS_Handler
                0x00000836                TCC2_Handler
                0x00000836                EVSYS_Handler
                0x00000836                SERCOM3_Handler
                0x00000836                SERCOM4_Handler
                0x00000836                NVMCTRL_Handler
                0x00000836                SYSTEM_Handler
                0x00000836                SERCOM0_Handler
                0x00000836                DAC_Handler
                0x00000836                PTC_Handler
                0x00000836                FREQM_Handler
                0x00000836                TC0_Handler

.text.Dummy_App_Func%34
                0x00000838        0x2
 .text.Dummy_App_Func
                0x00000838        0x2 build/default/debug/_ext/1171490990/startup_xc32.o
                0x00000838                _on_reset
                0x00000838                _on_bootstrap
                0x00000838                __xc32_on_reset
                0x00000838                Dummy_App_Func
                0x00000838                __xc32_on_bootstrap

.text.__dummy%35
                0x0000083a        0x2
 .text.__dummy  0x0000083a        0x2 c:/program files/microchip/xc32/v4.10/bin/bin/../../lib/gcc/pic32c/8.3.1/../../../../pic32c/lib/thumb/v6-m/nofp\libg-musl.a(__libc_start_main.o)
                0x0000083a                __init_stdio
                0x0000083a                __init_host
